<div class="pageNum">Page 2 of 20</div><div class="pageNavArea">
<ul>
<li class="pageNavFirst">
<a href="test.do"><span>First</span></a>
</li>
<li class="pageNavPrev">
<a href="test.do"><span>Prev</span></a>
</li>
<li>
<a href="test.do"><span>1</span></a>
</li>
<li class="current">
<a href="test.do?&amp;from=6&amp;to=10"><span>2</span></a>
</li>
<li>
<a href="test.do?&amp;from=11&amp;to=15"><span>3</span></a>
</li>
<li>
<a href="test.do?&amp;from=16&amp;to=20"><span>4</span></a>
</li>
<li>
<a href="test.do?&amp;from=21&amp;to=25"><span>5</span></a>
</li>
<li>
<a href="test.do?&amp;from=26&amp;to=30"><span>6</span></a>
</li>
<li>
<a href="test.do?&amp;from=31&amp;to=35"><span>7</span></a>
</li>
<li class="pageNavNext">
<a href="test.do?&amp;from=11&amp;to=15"><span>Next</span></a>
</li>
<li class="pageNavLast">
<a href="test.do?&amp;from=96&amp;to=100"><span>Last</span></a>
</li>
</ul>
</div>